// Jest Snapshot v1, https://goo.gl/fbAQLP

exports[`SignInModal renders SignInModal correctly 1`] = `
Array [
  <div
    className="fade modal-backdrop show"
    onClick={[Function]}
  />,
  <div
    aria-modal={true}
    className="fade modal show"
    onClick={[Function]}
    onMouseUp={[Function]}
    role="dialog"
    style={Object {}}
    tabIndex={-1}
  >
    <div
      className="modal-dialog"
      id="sign-in-modal"
      onMouseDown={[Function]}
    >
      <div
        className="modal-content"
      >
        <div
          className="d-flex justify-content-between modal-header"
        >
          <svg>
            logoGrayBg.svg
          </svg>
          <h2
            className="mx-auto"
          >
            sign_in_title
          </h2>
          <button
            aria-label="Close"
            className="btn-close btn btn-primary"
            data-toggle="modal"
            disabled={false}
            onClick={[Function]}
            type="button"
          />
        </div>
        <div
          className="modal-body"
        >
          <div
            className="card"
          >
            <div
              className="d-flex flex-column card-body"
            >
              <form
                id="sign-in-form"
                onSubmit={[Function]}
              >
                <input
                  className="p-2"
                  id="email"
                  name="email"
                  onBlur={[Function]}
                  onChange={[Function]}
                  placeholder="sign_in_email_pholder"
                  type="email"
                  value=""
                />
                <input
                  className="p-2"
                  id="password"
                  name="password"
                  onBlur={[Function]}
                  onChange={[Function]}
                  placeholder="sign_in_password_pholder"
                  type="password"
                  value=""
                />
              </form>
            </div>
          </div>
        </div>
        <div
          className="first-sign-in-modal-footer d-flex flex-column align-items-stretch modal-footer"
        >
          <button
            className="sc-aXZVg sc-iGgWBj fNOrQy cHgqEP"
            form="sign-in-form"
            type="submit"
          >
            sign_in_button
          </button>
          <button
            className="sc-aXZVg sc-gsFSXq fNOrQy dEZiMd"
            onClick={[Function]}
            type="submit"
          >
            sign_in_google_button
          </button>
          <button
            className="sc-aXZVg sc-kAyceB fNOrQy krgvsX"
            onClick={[Function]}
            type="submit"
          >
            sign_in_fbook_button
          </button>
        </div>
        <div
          className="second-sign-in-modal-footer d-flex flex-column align-items-center modal-footer"
        >
          <span>
            <a
              href="/"
              onClick={[Function]}
            >
              sign_in_dont_have_account_anchor
            </a>
          </span>
        </div>
      </div>
    </div>
  </div>,
]
`;
