// Jest Snapshot v1, https://goo.gl/fbAQLP

exports[`SignUpModal renders SignUpModal correctly 1`] = `
Array [
  <div
    className="fade modal-backdrop show"
    onClick={[Function]}
  />,
  <div
    aria-modal={true}
    className="fade modal show"
    onClick={[Function]}
    onMouseUp={[Function]}
    role="dialog"
    style={Object {}}
    tabIndex={-1}
  >
    <div
      className="modal-dialog"
      id="sign-up-modal"
      onMouseDown={[Function]}
    >
      <div
        className="modal-content"
      >
        <div
          className="modal-header"
        >
          <svg>
            logoGrayBg.svg
          </svg>
          <h2
            className="mx-auto"
          >
            Sign Up
          </h2>
          <button
            aria-label="Close"
            className="btn-close btn btn-primary"
            data-toggle="modal"
            disabled={false}
            onClick={[Function]}
            type="button"
          />
        </div>
        <div
          className="modal-body"
        >
          <div
            className="card"
          >
            <div
              className="card-body"
            >
              <form
                id="sign-up-form"
                onSubmit={[Function]}
              >
                <input
                  className="p-2"
                  id="firstName"
                  name="firstName"
                  onBlur={[Function]}
                  onChange={[Function]}
                  placeholder="First Name"
                  value=""
                />
                <input
                  className="p-2"
                  id="lastName"
                  name="lastName"
                  onBlur={[Function]}
                  onChange={[Function]}
                  placeholder="Last Name"
                  value=""
                />
                <select
                  className="p-2 "
                  id="gender"
                  name="gender"
                  onBlur={[Function]}
                  onChange={[Function]}
                  required={true}
                  value=""
                >
                  <option
                    defaultValue={true}
                    disabled={true}
                    value=""
                  >
                    Select a gender...
                  </option>
                  <option
                    value="Male"
                  >
                    Male
                  </option>
                  <option
                    value="Female"
                  >
                    Female
                  </option>
                  <option
                    value="Prefer not to say"
                  >
                    Prefer not to say
                  </option>
                </select>
                <select
                  className="p-2 flex-fill"
                  id="district"
                  name="district"
                  onBlur={[Function]}
                  onChange={[Function]}
                  required={true}
                  value=""
                >
                  <option
                    defaultValue={true}
                    disabled={true}
                    value=""
                  >
                    Select a district...
                  </option>
                  <option
                    value="ADALAR"
                  >
                    ADALAR
                  </option>
                  <option
                    value="ARNAVUTKÖY"
                  >
                    ARNAVUTKÖY
                  </option>
                  <option
                    value="ATAŞEHİR"
                  >
                    ATAŞEHİR
                  </option>
                  <option
                    value="AVCILAR"
                  >
                    AVCILAR
                  </option>
                  <option
                    value="BAĞCILAR"
                  >
                    BAĞCILAR
                  </option>
                  <option
                    value="BAHÇELİEVLER"
                  >
                    BAHÇELİEVLER
                  </option>
                  <option
                    value="BAKIRKÖY"
                  >
                    BAKIRKÖY
                  </option>
                  <option
                    value="BAŞAKŞEHİR"
                  >
                    BAŞAKŞEHİR
                  </option>
                  <option
                    value="BAYRAMPAŞA"
                  >
                    BAYRAMPAŞA
                  </option>
                  <option
                    value="BEŞİKTAŞ"
                  >
                    BEŞİKTAŞ
                  </option>
                  <option
                    value="BEYKOZ"
                  >
                    BEYKOZ
                  </option>
                  <option
                    value="BEYLİKDÜZÜ"
                  >
                    BEYLİKDÜZÜ
                  </option>
                  <option
                    value="BEYOĞLU"
                  >
                    BEYOĞLU
                  </option>
                  <option
                    value="BÜYÜKÇEKMECE"
                  >
                    BÜYÜKÇEKMECE
                  </option>
                  <option
                    value="ÇATALCA"
                  >
                    ÇATALCA
                  </option>
                  <option
                    value="ÇEKMEKÖY"
                  >
                    ÇEKMEKÖY
                  </option>
                  <option
                    value="ESENLER"
                  >
                    ESENLER
                  </option>
                  <option
                    value="ESENYURT"
                  >
                    ESENYURT
                  </option>
                  <option
                    value="EYÜPSULTAN"
                  >
                    EYÜPSULTAN
                  </option>
                  <option
                    value="FATİH"
                  >
                    FATİH
                  </option>
                  <option
                    value="GAZİOSMANPAŞA"
                  >
                    GAZİOSMANPAŞA
                  </option>
                  <option
                    value="GÜNGÖREN"
                  >
                    GÜNGÖREN
                  </option>
                  <option
                    value="KADIKÖY"
                  >
                    KADIKÖY
                  </option>
                  <option
                    value="KAĞITHANE"
                  >
                    KAĞITHANE
                  </option>
                  <option
                    value="KARTAL"
                  >
                    KARTAL
                  </option>
                  <option
                    value="KÜÇÜKÇEKMECE"
                  >
                    KÜÇÜKÇEKMECE
                  </option>
                  <option
                    value="MALTEPE"
                  >
                    MALTEPE
                  </option>
                  <option
                    value="PENDİK"
                  >
                    PENDİK
                  </option>
                  <option
                    value="SANCAKTEPE"
                  >
                    SANCAKTEPE
                  </option>
                  <option
                    value="SARIYER"
                  >
                    SARIYER
                  </option>
                  <option
                    value="SİLİVRİ"
                  >
                    SİLİVRİ
                  </option>
                  <option
                    value="SULTANBEYLİ"
                  >
                    SULTANBEYLİ
                  </option>
                  <option
                    value="SULTANGAZİ"
                  >
                    SULTANGAZİ
                  </option>
                  <option
                    value="ŞİLE"
                  >
                    ŞİLE
                  </option>
                  <option
                    value="ŞİŞLİ"
                  >
                    ŞİŞLİ
                  </option>
                  <option
                    value="TUZLA"
                  >
                    TUZLA
                  </option>
                  <option
                    value="ÜMRANİYE"
                  >
                    ÜMRANİYE
                  </option>
                  <option
                    value="ÜSKÜDAR"
                  >
                    ÜSKÜDAR
                  </option>
                  <option
                    value="ZEYTİNBURNU"
                  >
                    ZEYTİNBURNU
                  </option>
                </select>
                <input
                  className="p-2"
                  id="email"
                  name="email"
                  onBlur={[Function]}
                  onChange={[Function]}
                  placeholder="Email"
                  type="email"
                  value=""
                />
                <input
                  className="p-2"
                  id="password"
                  name="password"
                  onBlur={[Function]}
                  onChange={[Function]}
                  placeholder="Password"
                  type="password"
                  value=""
                />
                <input
                  className="p-2"
                  id="repeatedPassword"
                  name="repeatedPassword"
                  onBlur={[Function]}
                  onChange={[Function]}
                  placeholder="Repeat Password"
                  type="password"
                  value=""
                />
              </form>
            </div>
          </div>
        </div>
        <div
          className="first-sign-up-modal-footer d-flex flex-column align-items-stretch modal-footer"
        >
          <button
            className="sc-bdnxRM sc-jSFjdj hPJaof kySEpq"
            disabled={false}
            form="sign-up-form"
            type="submit"
          >
            Sign Up
          </button>
          <button
            className="sc-bdnxRM sc-gKAaRy hPJaof gsgZIm"
            onClick={[Function]}
            type="submit"
          >
            Sign Up With Google
          </button>
          <button
            className="sc-bdnxRM sc-iCoGMd hPJaof jgJmMT"
            onClick={[Function]}
            type="submit"
          >
            Sign Up With Facebook
          </button>
        </div>
        <div
          className="second-sign-up-modal-footer d-flex flex-column align-items-center modal-footer"
        >
          <span>
            Already got an
             
            <a
              href="/"
              onClick={[Function]}
            >
              Account
            </a>
            ?
          </span>
        </div>
      </div>
    </div>
  </div>,
]
`;
