// Jest Snapshot v1, https://goo.gl/fbAQLP

exports[`Home page renders Home correctly 1`] = `
<div
  className="section-wrapper container-fluid"
>
  <section
    className="snapping-section primary-hero-img-bg container-fluid"
  >
    <div
      className="primary-hero-content-container d-flex align-items-center container"
    >
      <div
        className="primary-hero-content-row m-0 row"
      >
        <div
          className="first-column p-0 pb-2 pb-sm-2 pb-md-0 d-flex flex-column justify-content-center align-items-start col-md-6 col-sm-12 col-12"
        >
          <h1>
            Love Thy Neighbor
          </h1>
          <p>
            home_slogan
          </p>
          <button
            className="sc-aXZVg sc-gEvEer fNOrQy gjskzS"
            onClick={[Function]}
          >
            home_join_us_button
          </button>
        </div>
        <div
          className="d-flex justify-content-sm-start justify-content-sm-start justify-content-md-center px-0 ps-0 ps-sm-0 ps-md-3  col-md-6 col-sm-12 col-12"
        >
          <img
            alt="img"
            className="img-fluid"
            src="PrimaryHeroContentBgImg.png"
          />
        </div>
      </div>
    </div>
  </section>
  <section
    className="snapping-section secondary-hero-img-bg container-fluid"
  >
    <div
      className="secondary-hero-content-container d-flex align-items-center container"
    >
      <div
        className="secondary-hero-content-row m-0 row"
      >
        <div
          className="p-0 px-xs-1 px-md-1 h-100 d-flex justify-content-xs-start justify-content-sm-start justify-content-md-center align-items-md-center col-md-6 col-sm-12 col-12 order-md-first order-sm-last order-last"
        >
          <img
            alt="img"
            className="img-fluid"
            src="SecondaryHeroContentBgImg.png"
          />
        </div>
        <div
          className="px-0 pt-xs-5 pt-xs-5 pt-md-0 d-flex flex-column justify-content-center align-items-start col-md-6 col-sm-12 col-12 order-md-last order-sm-first order-first"
        >
          <h2>
            home_second_slogan_big
          </h2>
          <h1>
            home_second_slogan_small
          </h1>
          <p>
            home_lesser_slogan
          </p>
        </div>
      </div>
    </div>
  </section>
  <section
    className="snapping-section social-proof-section container-fluid"
  >
    <div
      className="social-proof-content-container d-flex align-items-center container"
    >
      <div
        className="social-proof-content-row m-0 gap-2 row"
      >
        <div
          className="first-column col-md-5 col-sm-12 col-12"
        >
          <h2
            className="text-center text-sm-center text-md-start"
          >
            home_what_neighbors_say
          </h2>
          <div
            className="accordion"
          >
            <div
              className="first-accordion-item accordion-item"
            >
              <h2
                className="d-flex align-items-center accordion-header"
              >
                <button
                  aria-expanded={true}
                  className="accordion-button"
                  onClick={[Function]}
                  type="button"
                >
                  <svg>
                    male-avatar.svg
                  </svg>
                  <div
                    className="d-flex flex-column"
                  >
                    <p
                      style={
                        Object {
                          "margin": "0",
                          "padding": "0",
                        }
                      }
                    >
                      Sammy Walson
                    </p>
                    <small
                      style={
                        Object {
                          "display": "block",
                          "margin": "0",
                          "padding": "0",
                        }
                      }
                    >
                      Istanbul, Uskudar
                    </small>
                  </div>
                </button>
              </h2>
              <div
                aria-expanded={null}
                className="accordion-collapse collapse show"
              >
                <div
                  className="accordion-body"
                >
                  home_sammy_walson
                </div>
              </div>
            </div>
            <div
              className="second-accordion-item accordion-item"
            >
              <h2
                className="d-flex align-items-center accordion-header"
              >
                <button
                  aria-expanded={false}
                  className="accordion-button collapsed"
                  onClick={[Function]}
                  type="button"
                >
                  <svg>
                    female-avatar.svg
                  </svg>
                  <div
                    className="d-flex flex-column"
                  >
                    <p
                      style={
                        Object {
                          "margin": "0",
                          "padding": "0",
                        }
                      }
                    >
                      Violet Jenning
                    </p>
                    <small
                      style={
                        Object {
                          "display": "block",
                          "margin": "0",
                          "padding": "0",
                        }
                      }
                    >
                      Istanbul, Kadikoy
                    </small>
                  </div>
                </button>
              </h2>
              <div
                aria-expanded={null}
                className="accordion-collapse collapse"
              >
                <div
                  className="accordion-body"
                >
                  home_violet_jenning
                </div>
              </div>
            </div>
            <div
              className="third-accordion-item accordion-item"
            >
              <h2
                className="d-flex align-items-center accordion-header"
              >
                <button
                  aria-expanded={false}
                  className="accordion-button collapsed"
                  onClick={[Function]}
                  type="button"
                >
                  <svg>
                    male-avatar.svg
                  </svg>
                  <div
                    className="d-flex flex-column"
                  >
                    <p
                      style={
                        Object {
                          "margin": "0",
                          "padding": "0",
                        }
                      }
                    >
                      Andrew Fitzgerald
                    </p>
                    <small
                      style={
                        Object {
                          "display": "block",
                          "margin": "0",
                          "padding": "0",
                        }
                      }
                    >
                      Istanbul, Avcilar
                    </small>
                  </div>
                </button>
              </h2>
              <div
                aria-expanded={null}
                className="accordion-collapse collapse"
              >
                <div
                  className="accordion-body"
                >
                  home_andrew_fitzgerald
                </div>
              </div>
            </div>
          </div>
        </div>
        <div
          className="second-column mt-xs-4 mt-sm-4 mt-md-0 col-md-5 col-sm-12 col-12"
        >
          <h2
            className="text-center text-sm-center text-md-start"
          >
            home_when_neighbors_meet
          </h2>
          <div
            className="carousel slide"
            onKeyDown={[Function]}
            onMouseOut={[Function]}
            onMouseOver={[Function]}
            onTouchEnd={[Function]}
            onTouchMove={[Function]}
            onTouchStart={[Function]}
          >
            <div
              className="carousel-indicators"
            >
              <button
                aria-current={true}
                aria-label="Slide 1"
                className="active"
                data-bs-target=""
                onClick={[Function]}
                type="button"
              />
              <button
                aria-current={false}
                aria-label="Slide 2"
                data-bs-target=""
                onClick={[Function]}
                type="button"
              />
              <button
                aria-current={false}
                aria-label="Slide 3"
                data-bs-target=""
                onClick={[Function]}
                type="button"
              />
            </div>
            <div
              className="carousel-inner"
            >
              <div
                className="active carousel-item"
              >
                <img
                  alt="First meeting slide"
                  className="d-block w-100 h-100"
                  src="meeting-one.png"
                />
              </div>
              <div
                className="carousel-item"
              >
                <img
                  alt="Second meeting slide"
                  className="d-block w-100 h-100"
                  src="meeting-two.png"
                />
              </div>
              <div
                className="carousel-item"
              >
                <img
                  alt="Third meeting slide"
                  className="d-block w-100 h-100"
                  src="meeting-three.png"
                />
              </div>
            </div>
            <a
              className="carousel-control-prev"
              href="#"
              onClick={[Function]}
              onKeyDown={[Function]}
              role="button"
            >
              <span
                aria-hidden="true"
                className="carousel-control-prev-icon"
              />
              <span
                className="visually-hidden"
              >
                Previous
              </span>
            </a>
            <a
              className="carousel-control-next"
              href="#"
              onClick={[Function]}
              onKeyDown={[Function]}
              role="button"
            >
              <span
                aria-hidden="true"
                className="carousel-control-next-icon"
              />
              <span
                className="visually-hidden"
              >
                Next
              </span>
            </a>
          </div>
        </div>
      </div>
    </div>
  </section>
  <section
    className="features-section container-fluid"
  >
    <div
      className="features-content-container d-flex flex-column justify-content-center container"
    >
      <h2>
        features_title
      </h2>
      <div
        className="features-content-row d-md-flex justify-content-md-around text-center row"
      >
        <div
          className="col-md-3 col-sm-12 col-12"
        >
          <div
            className="d-flex flex-column align-items-center justify-content-center card"
          >
            <svg
              className="network-svg img-fluid"
            >
              network.svg
            </svg>
            <div
              className="card-title h5"
            >
              features_title_meet
            </div>
            <p
              className="card-text"
            >
              features_title_meet_text
            </p>
          </div>
        </div>
        <div
          className="my-1 my-sm-2 my-md-0 col-md-3 col-sm-12 col-12"
        >
          <div
            className="d-flex flex-column align-items-center justify-content-center card"
          >
            <svg
              className="speech-bubble-svg img-fluid"
            >
              filter.svg
            </svg>
            <div
              className="card-title h5"
            >
              features_title_message
            </div>
            <p
              className="card-text"
            >
              features_title_message_text
            </p>
          </div>
        </div>
        <div
          className="col-md-3 col-sm-12 col-12"
        >
          <div
            className="d-flex flex-column align-items-center justify-content-center card"
          >
            <svg
              className="coupon-svg img-fluid"
            >
              coupon.svg
            </svg>
            <div
              className="card-title h5"
            >
              features_title_coupons
            </div>
            <p
              className="card-text"
            >
              features_title_coupons_text
            </p>
          </div>
        </div>
      </div>
    </div>
  </section>
  <section
    className="container-fluid"
  >
    <div
      className="faq-content-container d-flex align-items-center container"
    >
      <div
        className="faq-content-row m-0 row"
      >
        <div
          className="first-column d-flex flex-column justify-content-center align-items-start col-md-6 col-sm-12 col-12"
        >
          <h2>
            global_FAQ
          </h2>
          <h5>
            global_safety
          </h5>
          <p>
            global_safety-text
          </p>
          <h5>
            global_the_point
          </h5>
          <p>
            global_the_point_text
          </p>
          <h5>
            global_how_it_works
          </h5>
          <p>
            global_how_it_works_text
          </p>
        </div>
        <div
          className="my-md-auto d-flex d-sm-flex d-md-block justify-content-center justify-content-sm-center justify-content-md-center col-md-6 col-sm-12 col-12"
        >
          <img
            alt="img"
            className="img-fluid"
            src="UndrawQuestion.png"
          />
        </div>
      </div>
    </div>
  </section>
  <section
    className="subscription-img-bg container-fluid"
  >
    <div
      className="subscription-content-container d-flex align-items-center container"
    >
      <div
        className="subscription-content-row m-0 row"
      >
        <div
          className="first-column d-flex flex-column justify-content-center align-items-start col-md-6 col-sm-12 col-12"
        >
          <h1>
            newsletter_title_one
             
            <br />
             
            newsletter_title_two
          </h1>
          <h3>
            newsletter_update
          </h3>
          <p>
            newsletter_subscribe
          </p>
          <form
            className="d-flex"
            onSubmit={[Function]}
          >
            <input
              aria-describedby="emailHelp"
              className="form-email"
              onChange={[Function]}
              placeholder="Email"
              type="email"
              value=""
            />
            <button
              aria-label="Check Icon"
              className="btn btn-primary"
              disabled={true}
              type="submit"
            >
              <svg
                className="check-icon"
              >
                Check.svg
              </svg>
            </button>
          </form>
        </div>
        <div
          className="my-md-auto d-flex d-sm-flex d-md-block justify-content-center justify-content-sm-center justify-content-md-center col-md-6 col-sm-12 col-12"
        >
          <svg>
            PhoneandNotifications.svg
          </svg>
        </div>
      </div>
    </div>
  </section>
</div>
`;
