// Jest Snapshot v1, https://goo.gl/fbAQLP

exports[`Subscription Section renders Subscription section correctly 1`] = `
<section
  className="subscription-img-bg container-fluid"
>
  <div
    className="subscription-content-container d-flex align-items-center container"
  >
    <div
      className="subscription-content-row m-0 row"
    >
      <div
        className="first-column d-flex flex-column justify-content-center align-items-start col-md-6 col-sm-12 col-12"
      >
        <h1>
          newsletter_title_one
           
          <br />
           
          newsletter_title_two
        </h1>
        <h3>
          newsletter_update
        </h3>
        <p>
          newsletter_subscribe
        </p>
        <form
          className="d-flex"
          onSubmit={[Function]}
        >
          <input
            aria-describedby="emailHelp"
            className="form-email"
            onChange={[Function]}
            placeholder="Email"
            type="email"
            value=""
          />
          <button
            aria-label="Check Icon"
            className="btn btn-primary"
            disabled={true}
            type="submit"
          >
            <svg
              className="check-icon"
            >
              Check.svg
            </svg>
          </button>
        </form>
      </div>
      <div
        className="my-md-auto d-flex d-sm-flex d-md-block justify-content-center justify-content-sm-center justify-content-md-center col-md-6 col-sm-12 col-12"
      >
        <svg>
          PhoneandNotifications.svg
        </svg>
      </div>
    </div>
  </div>
</section>
`;
