// Jest Snapshot v1, https://goo.gl/fbAQLP

exports[`Subscription Section renders Subscription section correctly 1`] = `
<section
  className="subscription-img-bg container-fluid"
>
  <div
    className="subscription-content-container d-flex align-items-center container"
  >
    <div
      className="subscription-content-row m-0 row"
    >
      <div
        className="first-column d-flex flex-column justify-content-center align-items-start col-md-6 col-sm-12 col-12"
      >
        <h1>
          Subscribe to our 
          <br />
           newsletter.
        </h1>
        <h3>
          Never miss an update !
        </h3>
        <p>
          Signup to our newsletter to get a weekly digest.
        </p>
        <div
          className="button-input-wrapper"
        >
          <input
            aria-describedby="emailHelp"
            className="form-email"
            onChange={[Function]}
            placeholder="E-Mail"
            type="email"
            value=""
          />
          <button
            className="btn btn-primary"
            disabled={true}
            type="submit"
          >
            <svg>
              Check.svg
            </svg>
          </button>
        </div>
      </div>
      <div
        className="my-md-auto d-flex d-sm-flex d-md-block justify-content-center justify-content-sm-center justify-content-md-center col-md-6 col-sm-12 col-12"
      >
        <img
          alt="phoneimg"
          className="img-fluid"
          src="PhoneandNotifications.svg"
        />
      </div>
    </div>
  </div>
</section>
`;
