// Jest Snapshot v1, https://goo.gl/fbAQLP

exports[`ContactUs renders ContactUs correctly 1`] = `
<section
  className="contact-us-section container-fluid"
>
  <div
    className="contactus-content-container h-100 d-flex align-items-center container"
  >
    <div
      className="contactus-content-row w-100 row"
    >
      <div
        className="d-flex flex-column justify-content-center align-items-center order-last order-sm-last order-md-last order-lg-first col-lg-6 col-md-12 col-sm-12 col-12"
      >
        <h1>
          contactus_title
        </h1>
        <p>
          contactus_text
        </p>
        <form
          className="d-flex flex-column"
          onSubmit={[Function]}
        >
          <div
            className="d-flex justify-content-between"
          >
            <div
              className="d-flex flex-column"
            >
              <input
                name="first_name"
                onChange={[Function]}
                placeholder="contactus_name_pholder"
                type="text"
                value=""
              />
            </div>
            <div
              className="d-flex flex-column"
            >
              <input
                name="last_name"
                onChange={[Function]}
                placeholder="contactus_lastname_pholder"
                type="text"
                value=""
              />
            </div>
          </div>
          <input
            name="email"
            onChange={[Function]}
            placeholder="contactus_email_pholder"
            type="email"
            value=""
          />
          <textarea
            name="user_message"
            onChange={[Function]}
            placeholder="contactus_message_pholder"
            value=""
          />
          <button
            className="sc-aXZVg sc-dAlyuH fNOrQy htxXsw"
          >
            contactus_button
          </button>
        </form>
      </div>
      <div
        className="d-flex flex-column justify-content-center align-items-center col-lg-6 col-md-12 col-sm-12 col-12"
      >
        <svg>
          LTNText.svg
        </svg>
        <svg>
          logoTransparentBg.svg
        </svg>
      </div>
    </div>
    <div
      className="fade modal-backdrop show"
      onClick={[Function]}
    />
    <div
      aria-modal={true}
      className="fade email-sent-modal modal show"
      onClick={[Function]}
      onMouseUp={[Function]}
      role="dialog"
      style={Object {}}
      tabIndex={-1}
    >
      <div
        className="modal-dialog"
        onMouseDown={[Function]}
      >
        <div
          className="modal-content"
        >
          <div
            className="d-flex flex-column justify-content-center align-items-center modal-body"
          >
            <svg>
              checkicon.svg
            </svg>
            <h3
              className="mt-3 text-center"
            >
              Your message has been successfully sent!
            </h3>
            <br />
            <p>
              We will get back to you soon.
            </p>
            <button
              aria-label="Close"
              className="btn-close"
              onClick={[Function]}
              type="button"
            />
          </div>
        </div>
      </div>
    </div>
  </div>
</section>
`;
