// Jest Snapshot v1, https://goo.gl/fbAQLP

exports[`NeighborCard renders NeighborCard correctly 1`] = `
<div
  className="neighbor-card mb-2 mx-auto card"
>
  <img
    className="card-img-top img-fluid"
    id="test"
    onClick={[Function]}
    src="test"
  />
  <div
    className="d-flex flex-column justify-content-center card-body"
  >
    <h2
      className="text-center"
    >
      test
       
      <br />
       
      test
    </h2>
    <small
      className="text-center"
    >
      test / 
    </small>
    <button
      className="sc-aXZVg sc-imWYAI fNOrQy czbMBo"
      onClick={[Function]}
    >
      neighborcards_button
    </button>
  </div>
</div>
`;
